// Jest Snapshot v1, https://goo.gl/fbAQLP

exports[`<Comp /> Should match snapshot 1`] = `
<div
  class=""
>
  <h1>
    ola
  </h1>
</div>
`;
